2026-08-26 13:19:38 | resources data_root=auto weights_root=auto output_root=/fssmall/home/h61084/codes/tsfm/outputs_selena/controls
2026-08-26 13:19:38 | profile mode=test datasets=electricity settings=504:168 seeds=1
2026-08-26 13:19:38 | configuration dataset=electricity L=504 H=168 model=repeat covariates=none instance_norm=true remove_constant=false time_features=true seed=1 batch_size=512
[2026-08-26 13:19:46,562][data.dataset][INFO] - dataset config path=/fssmall/home/h61084/codes/datasets/electricity/config.json applied_keys=['date_col', 'drop_users']
[2026-08-26 13:19:46,847][evaluation.evaluator][INFO] - evaluate dataset=electricity users=303 dates=26304 windows=15453 removed_constant=0 L=504 H=168 stride=512
[2026-08-26 13:19:47,811][evaluation.evaluator][INFO] - artifacts ready run=/fssmall/home/h61084/codes/tsfm/outputs_selena/controls/electricity/504_168/repeat/none/instance/keep/enabled/run_0 mse=7.51146e+06 nmse=0.336372 inference_seconds=0.068
2026-08-26 13:19:48 | configuration dataset=electricity L=504 H=168 model=repeat covariates=none instance_norm=true remove_constant=true time_features=true seed=1 batch_size=512
[2026-08-26 13:19:51,234][data.dataset][INFO] - dataset config path=/fssmall/home/h61084/codes/datasets/electricity/config.json applied_keys=['date_col', 'drop_users']
[2026-08-26 13:19:51,410][evaluation.evaluator][INFO] - evaluate dataset=electricity users=303 dates=26304 windows=15453 removed_constant=0 L=504 H=168 stride=512
[2026-08-26 13:19:52,212][evaluation.evaluator][INFO] - artifacts ready run=/fssmall/home/h61084/codes/tsfm/outputs_selena/controls/electricity/504_168/repeat/none/instance/remove/enabled/run_0 mse=7.51146e+06 nmse=0.336372 inference_seconds=0.019
2026-08-26 13:19:52 | configuration dataset=electricity L=504 H=168 model=repeat covariates=none instance_norm=false remove_constant=false time_features=true seed=1 batch_size=512
[2026-08-26 13:19:55,359][data.dataset][INFO] - dataset config path=/fssmall/home/h61084/codes/datasets/electricity/config.json applied_keys=['date_col', 'drop_users']
[2026-08-26 13:19:55,516][evaluation.evaluator][INFO] - evaluate dataset=electricity users=303 dates=26304 windows=15453 removed_constant=0 L=504 H=168 stride=512
[2026-08-26 13:19:56,319][evaluation.evaluator][INFO] - artifacts ready run=/fssmall/home/h61084/codes/tsfm/outputs_selena/controls/electricity/504_168/repeat/none/raw/keep/enabled/run_0 mse=7.51146e+06 nmse=0.336372 inference_seconds=0.001
2026-08-26 13:19:56 | configuration dataset=electricity L=504 H=168 model=repeat covariates=none instance_norm=false remove_constant=true time_features=true seed=1 batch_size=512
[2026-08-26 13:19:59,459][data.dataset][INFO] - dataset config path=/fssmall/home/h61084/codes/datasets/electricity/config.json applied_keys=['date_col', 'drop_users']
[2026-08-26 13:19:59,637][evaluation.evaluator][INFO] - evaluate dataset=electricity users=303 dates=26304 windows=15453 removed_constant=0 L=504 H=168 stride=512
[2026-08-26 13:20:00,424][evaluation.evaluator][INFO] - artifacts ready run=/fssmall/home/h61084/codes/tsfm/outputs_selena/controls/electricity/504_168/repeat/none/raw/remove/enabled/run_0 mse=7.51146e+06 nmse=0.336372 inference_seconds=0.001
2026-08-26 13:20:00 | configuration dataset=electricity L=504 H=168 model=chronos2 covariates=none instance_norm=true remove_constant=false time_features=true seed=1 batch_size=64
[2026-08-26 13:20:03,602][data.dataset][INFO] - dataset config path=/fssmall/home/h61084/codes/datasets/electricity/config.json applied_keys=['date_col', 'drop_users']
[2026-08-26 13:20:03,760][evaluation.evaluator][INFO] - evaluate dataset=electricity users=303 dates=26304 windows=15453 removed_constant=0 L=504 H=168 stride=512
[2026-08-26 13:20:22,899][evaluation.evaluator][INFO] - artifacts ready run=/fssmall/home/h61084/codes/tsfm/outputs_selena/controls/electricity/504_168/chronos2/none/instance/keep/enabled/run_0 mse=6.37655e+06 nmse=0.249031 inference_seconds=7.024
2026-08-26 13:20:23 | configuration dataset=electricity L=504 H=168 model=chronos2 covariates=none instance_norm=true remove_constant=true time_features=true seed=1 batch_size=64
[2026-08-26 13:20:26,382][data.dataset][INFO] - dataset config path=/fssmall/home/h61084/codes/datasets/electricity/config.json applied_keys=['date_col', 'drop_users']
[2026-08-26 13:20:26,558][evaluation.evaluator][INFO] - evaluate dataset=electricity users=303 dates=26304 windows=15453 removed_constant=0 L=504 H=168 stride=512
[2026-08-26 13:20:39,440][evaluation.evaluator][INFO] - artifacts ready run=/fssmall/home/h61084/codes/tsfm/outputs_selena/controls/electricity/504_168/chronos2/none/instance/remove/enabled/run_0 mse=6.37655e+06 nmse=0.249031 inference_seconds=6.701
2026-08-26 13:20:40 | configuration dataset=electricity L=504 H=168 model=chronos2 covariates=none instance_norm=false remove_constant=false time_features=true seed=1 batch_size=64
[2026-08-26 13:20:42,898][data.dataset][INFO] - dataset config path=/fssmall/home/h61084/codes/datasets/electricity/config.json applied_keys=['date_col', 'drop_users']
[2026-08-26 13:20:43,055][evaluation.evaluator][INFO] - evaluate dataset=electricity users=303 dates=26304 windows=15453 removed_constant=0 L=504 H=168 stride=512
[2026-08-26 13:20:55,888][evaluation.evaluator][INFO] - artifacts ready run=/fssmall/home/h61084/codes/tsfm/outputs_selena/controls/electricity/504_168/chronos2/none/raw/keep/enabled/run_0 mse=6.37655e+06 nmse=0.249031 inference_seconds=6.640
2026-08-26 13:20:56 | configuration dataset=electricity L=504 H=168 model=chronos2 covariates=none instance_norm=false remove_constant=true time_features=true seed=1 batch_size=64
[2026-08-26 13:20:59,349][data.dataset][INFO] - dataset config path=/fssmall/home/h61084/codes/datasets/electricity/config.json applied_keys=['date_col', 'drop_users']
[2026-08-26 13:20:59,525][evaluation.evaluator][INFO] - evaluate dataset=electricity users=303 dates=26304 windows=15453 removed_constant=0 L=504 H=168 stride=512
[2026-08-26 13:21:12,372][evaluation.evaluator][INFO] - artifacts ready run=/fssmall/home/h61084/codes/tsfm/outputs_selena/controls/electricity/504_168/chronos2/none/raw/remove/enabled/run_0 mse=6.37655e+06 nmse=0.249031 inference_seconds=6.638
2026-08-26 13:21:13 | configuration dataset=electricity L=504 H=168 model=tabpfn_ts covariates=none instance_norm=true remove_constant=false time_features=true seed=1 batch_size=1
[2026-08-26 13:21:15,813][data.dataset][INFO] - dataset config path=/fssmall/home/h61084/codes/datasets/electricity/config.json applied_keys=['date_col', 'drop_users']
[2026-08-26 13:21:15,971][evaluation.evaluator][INFO] - evaluate dataset=electricity users=303 dates=26304 windows=15453 removed_constant=0 L=504 H=168 stride=512
