Loading weights:   0%|          | 0/170 [00:00<?, ?it/s]Loading weights:   6%|▌         | 10/170 [00:00<00:01, 80.71it/s]Loading weights:  20%|██        | 34/170 [00:00<00:00, 137.32it/s]Loading weights:  38%|███▊      | 64/170 [00:00<00:00, 167.73it/s]Loading weights:  61%|██████    | 103/170 [00:00<00:00, 225.14it/s]Loading weights:  76%|███████▌  | 129/170 [00:00<00:00, 227.52it/s]Loading weights: 100%|██████████| 170/170 [00:00<00:00, 234.32it/s]
/fssmall/home/h61084/codes/tsfm/.venv/lib/python3.12/site-packages/torch/nn/modules/linear.py:125: UserWarning: Deterministic behavior was enabled with either `torch.use_deterministic_algorithms(True)` or `at::Context::setDeterministicAlgorithms(true)`, but this operation is not deterministic because it uses CuBLAS and you have CUDA >= 10.2. To enable deterministic behavior in this case, you must set an environment variable before running your PyTorch application: CUBLAS_WORKSPACE_CONFIG=:4096:8 or CUBLAS_WORKSPACE_CONFIG=:16:8. For more information, go to https://docs.nvidia.com/cuda/cublas/index.html#results-reproducibility (Triggered internally at ../aten/src/ATen/Context.cpp:208.)
  return F.linear(input, self.weight, self.bias)
/fssmall/home/h61084/codes/tsfm/.venv/lib/python3.12/site-packages/chronos/chronos2/layers.py:88: UserWarning: Deterministic behavior was enabled with either `torch.use_deterministic_algorithms(True)` or `at::Context::setDeterministicAlgorithms(true)`, but this operation is not deterministic because it uses CuBLAS and you have CUDA >= 10.2. To enable deterministic behavior in this case, you must set an environment variable before running your PyTorch application: CUBLAS_WORKSPACE_CONFIG=:4096:8 or CUBLAS_WORKSPACE_CONFIG=:16:8. For more information, go to https://docs.nvidia.com/cuda/cublas/index.html#results-reproducibility (Triggered internally at ../aten/src/ATen/Context.cpp:208.)
  freqs = (inv_freq_expanded.float() @ position_ids_expanded.float()).transpose(1, 2)
/fssmall/home/h61084/codes/tsfm/.venv/lib/python3.12/site-packages/chronos/chronos2/layers.py:259: UserWarning: Deterministic behavior was enabled with either `torch.use_deterministic_algorithms(True)` or `at::Context::setDeterministicAlgorithms(true)`, but this operation is not deterministic because it uses CuBLAS and you have CUDA >= 10.2. To enable deterministic behavior in this case, you must set an environment variable before running your PyTorch application: CUBLAS_WORKSPACE_CONFIG=:4096:8 or CUBLAS_WORKSPACE_CONFIG=:16:8. For more information, go to https://docs.nvidia.com/cuda/cublas/index.html#results-reproducibility (Triggered internally at ../aten/src/ATen/Context.cpp:208.)
  attn_output = nn.functional.scaled_dot_product_attention(
Loading weights:   0%|          | 0/269 [00:00<?, ?it/s]Loading weights:   5%|▍         | 13/269 [00:00<00:02, 92.58it/s]Loading weights:  14%|█▍        | 38/269 [00:00<00:01, 148.44it/s]Loading weights:  24%|██▍       | 65/269 [00:00<00:01, 186.14it/s]Loading weights:  33%|███▎      | 89/269 [00:00<00:00, 204.09it/s]Loading weights:  43%|████▎     | 117/269 [00:00<00:00, 211.32it/s]Loading weights:  57%|█████▋    | 153/269 [00:00<00:00, 252.82it/s]Loading weights:  67%|██████▋   | 179/269 [00:00<00:00, 237.95it/s]Loading weights:  76%|███████▌  | 204/269 [00:01<00:00, 202.58it/s]Loading weights:  85%|████████▌ | 229/269 [00:01<00:00, 200.40it/s]Loading weights:  97%|█████████▋| 260/269 [00:01<00:00, 222.89it/s]Loading weights: 100%|██████████| 269/269 [00:01<00:00, 216.24it/s]
/fssmall/home/h61084/codes/tsfm/.venv/lib/python3.12/site-packages/torch/nn/modules/linear.py:125: UserWarning: Deterministic behavior was enabled with either `torch.use_deterministic_algorithms(True)` or `at::Context::setDeterministicAlgorithms(true)`, but this operation is not deterministic because it uses CuBLAS and you have CUDA >= 10.2. To enable deterministic behavior in this case, you must set an environment variable before running your PyTorch application: CUBLAS_WORKSPACE_CONFIG=:4096:8 or CUBLAS_WORKSPACE_CONFIG=:16:8. For more information, go to https://docs.nvidia.com/cuda/cublas/index.html#results-reproducibility (Triggered internally at ../aten/src/ATen/Context.cpp:208.)
  return F.linear(input, self.weight, self.bias)
/fssmall/home/h61084/codes/tsfm/.venv/lib/python3.12/site-packages/transformers/integrations/sdpa_attention.py:154: UserWarning: Deterministic behavior was enabled with either `torch.use_deterministic_algorithms(True)` or `at::Context::setDeterministicAlgorithms(true)`, but this operation is not deterministic because it uses CuBLAS and you have CUDA >= 10.2. To enable deterministic behavior in this case, you must set an environment variable before running your PyTorch application: CUBLAS_WORKSPACE_CONFIG=:4096:8 or CUBLAS_WORKSPACE_CONFIG=:16:8. For more information, go to https://docs.nvidia.com/cuda/cublas/index.html#results-reproducibility (Triggered internally at ../aten/src/ATen/Context.cpp:208.)
  attn_output = torch.nn.functional.scaled_dot_product_attention(
[transformers] `torch_dtype` is deprecated! Use `dtype` instead!
Error executing job with overrides: ['data.path=/fssmall/home/h61084/codes/datasets/electricity', 'data.name=electricity', 'data.covariate_mode=none', 'task.lags=336', 'task.horizon=48', 'model.name=chronos_t5', 'model.device=cuda', 'preprocessing.instance_normalize=false', 'evaluation.stride=512', 'evaluation.batch_size=32', 'evaluation.remove_constant=false', 'evaluation.start_fraction=0.0', 'evaluation.end_fraction=1.0', 'evaluation.seed=1', 'evaluation.mase_seasonality=1', 'output.dir=/fssmall/home/h61084/codes/tsfm/outputs_selena/foundation_models', 'output.workflow=foundation_models', 'output.mode=full', 'output.purpose=publication', 'output.conflict_policy=overwrite_exact', 'output.force=false', 'output.skip_completed=true', 'output.launch_id=selena_2913584', 'model.weights_path=/fssmall/home/h61084/codes/weights/chronos-t5-base']
Traceback (most recent call last):
  File "/fssmall/home/h61084/codes/tsfm/src/scripts/evaluate.py", line 18, in main
    evaluate(plain)
  File "/fssmall/home/h61084/codes/tsfm/src/evaluation/evaluator.py", line 336, in evaluate
    model = build_forecaster(
            ^^^^^^^^^^^^^^^^^
  File "/fssmall/home/h61084/codes/tsfm/src/model_loading/forecast.py", line 107, in build_forecaster
    base = ChronosT5(
           ^^^^^^^^^^
  File "/fssmall/home/h61084/codes/tsfm/src/external_models/chronos_t5.py", line 72, in __init__
    self.pipeline = _import_pipeline().from_pretrained(
                    ^^^^^^^^^^^^^^^^^^^^^^^^^^^^^^^^^^^
  File "/fssmall/home/h61084/codes/tsfm/.venv/lib/python3.12/site-packages/chronos/chronos.py", line 549, in from_pretrained
    chronos_config = ChronosConfig(**config.chronos_config)
                     ^^^^^^^^^^^^^^^^^^^^^^^^^^^^^^^^^^^^^^
TypeError: ChronosConfig.__init__() got an unexpected keyword argument 'input_patch_size'

Set the environment variable HYDRA_FULL_ERROR=1 for a complete stack trace.
srun: error: sean0013: task 0: Exited with exit code 1
