2026-08-26 13:20:07 | resources data_root=auto weights_root=auto output_root=/fssmall/home/h61084/codes/tsfm/outputs_selena/univariate
2026-08-26 13:20:07 | profile mode=full datasets=electricity traffic solar exchange_rate settings=168:24 336:48 504:168 seeds=1
2026-08-26 13:20:07 | configuration dataset=electricity L=168 H=24 model=persistence covariates=none instance_norm=true remove_constant=false time_features=true seed=1 batch_size=512
[2026-08-26 13:20:16,335][data.dataset][INFO] - dataset config path=/fssmall/home/h61084/codes/datasets/electricity/config.json applied_keys=['date_col', 'drop_users']
[2026-08-26 13:20:16,573][evaluation.evaluator][INFO] - skip complete run=/fssmall/home/h61084/codes/tsfm/outputs_selena/univariate/electricity/168_24/persistence/none/instance/keep/enabled/run_0
2026-08-26 13:20:17 | configuration dataset=electricity L=168 H=24 model=expected covariates=none instance_norm=true remove_constant=false time_features=true seed=1 batch_size=512
[2026-08-26 13:20:20,232][data.dataset][INFO] - dataset config path=/fssmall/home/h61084/codes/datasets/electricity/config.json applied_keys=['date_col', 'drop_users']
[2026-08-26 13:20:20,338][evaluation.evaluator][INFO] - skip complete run=/fssmall/home/h61084/codes/tsfm/outputs_selena/univariate/electricity/168_24/expected/none/instance/keep/enabled/run_0
2026-08-26 13:20:20 | configuration dataset=electricity L=168 H=24 model=repeat covariates=none instance_norm=true remove_constant=false time_features=true seed=1 batch_size=512
[2026-08-26 13:20:23,546][data.dataset][INFO] - dataset config path=/fssmall/home/h61084/codes/datasets/electricity/config.json applied_keys=['date_col', 'drop_users']
[2026-08-26 13:20:23,652][evaluation.evaluator][INFO] - skip complete run=/fssmall/home/h61084/codes/tsfm/outputs_selena/univariate/electricity/168_24/repeat/none/instance/keep/enabled/run_0
2026-08-26 13:20:24 | configuration dataset=electricity L=168 H=24 model=lookback covariates=none instance_norm=true remove_constant=false time_features=true seed=1 batch_size=512
[2026-08-26 13:20:26,854][data.dataset][INFO] - dataset config path=/fssmall/home/h61084/codes/datasets/electricity/config.json applied_keys=['date_col', 'drop_users']
[2026-08-26 13:20:26,926][evaluation.evaluator][INFO] - lookback weekly period=168 observations
[2026-08-26 13:20:26,962][evaluation.evaluator][INFO] - skip complete run=/fssmall/home/h61084/codes/tsfm/outputs_selena/univariate/electricity/168_24/lookback/none/instance/keep/enabled/run_0
2026-08-26 13:20:27 | configuration dataset=electricity L=168 H=24 model=chronos2 covariates=none instance_norm=true remove_constant=false time_features=true seed=1 batch_size=64
[2026-08-26 13:20:30,215][data.dataset][INFO] - dataset config path=/fssmall/home/h61084/codes/datasets/electricity/config.json applied_keys=['date_col', 'drop_users']
[2026-08-26 13:20:30,319][evaluation.evaluator][INFO] - skip complete run=/fssmall/home/h61084/codes/tsfm/outputs_selena/univariate/electricity/168_24/chronos2/none/instance/keep/enabled/run_0
2026-08-26 13:20:30 | configuration dataset=electricity L=336 H=48 model=persistence covariates=none instance_norm=true remove_constant=false time_features=true seed=1 batch_size=512
[2026-08-26 13:20:33,539][data.dataset][INFO] - dataset config path=/fssmall/home/h61084/codes/datasets/electricity/config.json applied_keys=['date_col', 'drop_users']
[2026-08-26 13:20:33,667][evaluation.evaluator][INFO] - skip complete run=/fssmall/home/h61084/codes/tsfm/outputs_selena/univariate/electricity/336_48/persistence/none/instance/keep/enabled/run_0
2026-08-26 13:20:34 | configuration dataset=electricity L=336 H=48 model=expected covariates=none instance_norm=true remove_constant=false time_features=true seed=1 batch_size=512
[2026-08-26 13:20:36,914][data.dataset][INFO] - dataset config path=/fssmall/home/h61084/codes/datasets/electricity/config.json applied_keys=['date_col', 'drop_users']
[2026-08-26 13:20:37,040][evaluation.evaluator][INFO] - skip complete run=/fssmall/home/h61084/codes/tsfm/outputs_selena/univariate/electricity/336_48/expected/none/instance/keep/enabled/run_0
2026-08-26 13:20:37 | configuration dataset=electricity L=336 H=48 model=repeat covariates=none instance_norm=true remove_constant=false time_features=true seed=1 batch_size=512
[2026-08-26 13:20:40,268][data.dataset][INFO] - dataset config path=/fssmall/home/h61084/codes/datasets/electricity/config.json applied_keys=['date_col', 'drop_users']
[2026-08-26 13:20:40,397][evaluation.evaluator][INFO] - skip complete run=/fssmall/home/h61084/codes/tsfm/outputs_selena/univariate/electricity/336_48/repeat/none/instance/keep/enabled/run_0
2026-08-26 13:20:41 | configuration dataset=electricity L=336 H=48 model=lookback covariates=none instance_norm=true remove_constant=false time_features=true seed=1 batch_size=512
[2026-08-26 13:20:43,601][data.dataset][INFO] - dataset config path=/fssmall/home/h61084/codes/datasets/electricity/config.json applied_keys=['date_col', 'drop_users']
[2026-08-26 13:20:43,671][evaluation.evaluator][INFO] - lookback weekly period=168 observations
[2026-08-26 13:20:43,732][evaluation.evaluator][INFO] - skip complete run=/fssmall/home/h61084/codes/tsfm/outputs_selena/univariate/electricity/336_48/lookback/none/instance/keep/enabled/run_0
2026-08-26 13:20:44 | configuration dataset=electricity L=336 H=48 model=chronos2 covariates=none instance_norm=true remove_constant=false time_features=true seed=1 batch_size=64
[2026-08-26 13:20:46,961][data.dataset][INFO] - dataset config path=/fssmall/home/h61084/codes/datasets/electricity/config.json applied_keys=['date_col', 'drop_users']
[2026-08-26 13:20:47,090][evaluation.evaluator][INFO] - skip complete run=/fssmall/home/h61084/codes/tsfm/outputs_selena/univariate/electricity/336_48/chronos2/none/instance/keep/enabled/run_0
2026-08-26 13:20:47 | configuration dataset=electricity L=504 H=168 model=persistence covariates=none instance_norm=true remove_constant=false time_features=true seed=1 batch_size=512
[2026-08-26 13:20:50,298][data.dataset][INFO] - dataset config path=/fssmall/home/h61084/codes/datasets/electricity/config.json applied_keys=['date_col', 'drop_users']
[2026-08-26 13:20:50,451][evaluation.evaluator][INFO] - skip complete run=/fssmall/home/h61084/codes/tsfm/outputs_selena/univariate/electricity/504_168/persistence/none/instance/keep/enabled/run_0
2026-08-26 13:20:51 | configuration dataset=electricity L=504 H=168 model=expected covariates=none instance_norm=true remove_constant=false time_features=true seed=1 batch_size=512
[2026-08-26 13:20:53,693][data.dataset][INFO] - dataset config path=/fssmall/home/h61084/codes/datasets/electricity/config.json applied_keys=['date_col', 'drop_users']
[2026-08-26 13:20:53,846][evaluation.evaluator][INFO] - skip complete run=/fssmall/home/h61084/codes/tsfm/outputs_selena/univariate/electricity/504_168/expected/none/instance/keep/enabled/run_0
2026-08-26 13:20:54 | configuration dataset=electricity L=504 H=168 model=repeat covariates=none instance_norm=true remove_constant=false time_features=true seed=1 batch_size=512
[2026-08-26 13:20:57,047][data.dataset][INFO] - dataset config path=/fssmall/home/h61084/codes/datasets/electricity/config.json applied_keys=['date_col', 'drop_users']
[2026-08-26 13:20:57,200][evaluation.evaluator][INFO] - skip complete run=/fssmall/home/h61084/codes/tsfm/outputs_selena/univariate/electricity/504_168/repeat/none/instance/keep/enabled/run_0
2026-08-26 13:20:57 | configuration dataset=electricity L=504 H=168 model=lookback covariates=none instance_norm=true remove_constant=false time_features=true seed=1 batch_size=512
[2026-08-26 13:21:00,428][data.dataset][INFO] - dataset config path=/fssmall/home/h61084/codes/datasets/electricity/config.json applied_keys=['date_col', 'drop_users']
[2026-08-26 13:21:00,499][evaluation.evaluator][INFO] - lookback weekly period=168 observations
[2026-08-26 13:21:00,584][evaluation.evaluator][INFO] - skip complete run=/fssmall/home/h61084/codes/tsfm/outputs_selena/univariate/electricity/504_168/lookback/none/instance/keep/enabled/run_0
2026-08-26 13:21:01 | configuration dataset=electricity L=504 H=168 model=chronos2 covariates=none instance_norm=true remove_constant=false time_features=true seed=1 batch_size=64
[2026-08-26 13:21:03,806][data.dataset][INFO] - dataset config path=/fssmall/home/h61084/codes/datasets/electricity/config.json applied_keys=['date_col', 'drop_users']
[2026-08-26 13:21:03,958][evaluation.evaluator][INFO] - skip complete run=/fssmall/home/h61084/codes/tsfm/outputs_selena/univariate/electricity/504_168/chronos2/none/instance/keep/enabled/run_0
2026-08-26 13:21:04 | configuration dataset=traffic L=168 H=24 model=persistence covariates=none instance_norm=true remove_constant=false time_features=true seed=1 batch_size=512
[2026-08-26 13:21:07,178][data.dataset][INFO] - dataset config path=/fssmall/home/h61084/codes/datasets/traffic/config.json applied_keys=['date_col', 'drop_users']
[2026-08-26 13:21:07,360][evaluation.evaluator][INFO] - skip complete run=/fssmall/home/h61084/codes/tsfm/outputs_selena/univariate/traffic/168_24/persistence/none/instance/keep/enabled/run_0
2026-08-26 13:21:07 | configuration dataset=traffic L=168 H=24 model=expected covariates=none instance_norm=true remove_constant=false time_features=true seed=1 batch_size=512
[2026-08-26 13:21:10,607][data.dataset][INFO] - dataset config path=/fssmall/home/h61084/codes/datasets/traffic/config.json applied_keys=['date_col', 'drop_users']
[2026-08-26 13:21:10,745][evaluation.evaluator][INFO] - skip complete run=/fssmall/home/h61084/codes/tsfm/outputs_selena/univariate/traffic/168_24/expected/none/instance/keep/enabled/run_0
2026-08-26 13:21:11 | configuration dataset=traffic L=168 H=24 model=repeat covariates=none instance_norm=true remove_constant=false time_features=true seed=1 batch_size=512
[2026-08-26 13:21:13,995][data.dataset][INFO] - dataset config path=/fssmall/home/h61084/codes/datasets/traffic/config.json applied_keys=['date_col', 'drop_users']
[2026-08-26 13:21:14,136][evaluation.evaluator][INFO] - skip complete run=/fssmall/home/h61084/codes/tsfm/outputs_selena/univariate/traffic/168_24/repeat/none/instance/keep/enabled/run_0
2026-08-26 13:21:14 | configuration dataset=traffic L=168 H=24 model=lookback covariates=none instance_norm=true remove_constant=false time_features=true seed=1 batch_size=512
[2026-08-26 13:21:17,349][data.dataset][INFO] - dataset config path=/fssmall/home/h61084/codes/datasets/traffic/config.json applied_keys=['date_col', 'drop_users']
[2026-08-26 13:21:17,428][evaluation.evaluator][INFO] - lookback weekly period=168 observations
[2026-08-26 13:21:17,490][evaluation.evaluator][INFO] - skip complete run=/fssmall/home/h61084/codes/tsfm/outputs_selena/univariate/traffic/168_24/lookback/none/instance/keep/enabled/run_0
2026-08-26 13:21:18 | configuration dataset=traffic L=168 H=24 model=chronos2 covariates=none instance_norm=true remove_constant=false time_features=true seed=1 batch_size=64
[2026-08-26 13:21:20,711][data.dataset][INFO] - dataset config path=/fssmall/home/h61084/codes/datasets/traffic/config.json applied_keys=['date_col', 'drop_users']
[2026-08-26 13:21:20,849][evaluation.evaluator][INFO] - skip complete run=/fssmall/home/h61084/codes/tsfm/outputs_selena/univariate/traffic/168_24/chronos2/none/instance/keep/enabled/run_0
2026-08-26 13:21:21 | configuration dataset=traffic L=336 H=48 model=persistence covariates=none instance_norm=true remove_constant=false time_features=true seed=1 batch_size=512
[2026-08-26 13:21:24,082][data.dataset][INFO] - dataset config path=/fssmall/home/h61084/codes/datasets/traffic/config.json applied_keys=['date_col', 'drop_users']
[2026-08-26 13:21:24,265][evaluation.evaluator][INFO] - skip complete run=/fssmall/home/h61084/codes/tsfm/outputs_selena/univariate/traffic/336_48/persistence/none/instance/keep/enabled/run_0
2026-08-26 13:21:24 | configuration dataset=traffic L=336 H=48 model=expected covariates=none instance_norm=true remove_constant=false time_features=true seed=1 batch_size=512
[2026-08-26 13:21:27,478][data.dataset][INFO] - dataset config path=/fssmall/home/h61084/codes/datasets/traffic/config.json applied_keys=['date_col', 'drop_users']
[2026-08-26 13:21:27,661][evaluation.evaluator][INFO] - skip complete run=/fssmall/home/h61084/codes/tsfm/outputs_selena/univariate/traffic/336_48/expected/none/instance/keep/enabled/run_0
2026-08-26 13:21:28 | configuration dataset=traffic L=336 H=48 model=repeat covariates=none instance_norm=true remove_constant=false time_features=true seed=1 batch_size=512
[2026-08-26 13:21:30,887][data.dataset][INFO] - dataset config path=/fssmall/home/h61084/codes/datasets/traffic/config.json applied_keys=['date_col', 'drop_users']
[2026-08-26 13:21:31,071][evaluation.evaluator][INFO] - skip complete run=/fssmall/home/h61084/codes/tsfm/outputs_selena/univariate/traffic/336_48/repeat/none/instance/keep/enabled/run_0
2026-08-26 13:21:31 | configuration dataset=traffic L=336 H=48 model=lookback covariates=none instance_norm=true remove_constant=false time_features=true seed=1 batch_size=512
[2026-08-26 13:21:34,276][data.dataset][INFO] - dataset config path=/fssmall/home/h61084/codes/datasets/traffic/config.json applied_keys=['date_col', 'drop_users']
[2026-08-26 13:21:34,354][evaluation.evaluator][INFO] - lookback weekly period=168 observations
[2026-08-26 13:21:34,460][evaluation.evaluator][INFO] - skip complete run=/fssmall/home/h61084/codes/tsfm/outputs_selena/univariate/traffic/336_48/lookback/none/instance/keep/enabled/run_0
2026-08-26 13:21:35 | configuration dataset=traffic L=336 H=48 model=chronos2 covariates=none instance_norm=true remove_constant=false time_features=true seed=1 batch_size=64
[2026-08-26 13:21:37,699][data.dataset][INFO] - dataset config path=/fssmall/home/h61084/codes/datasets/traffic/config.json applied_keys=['date_col', 'drop_users']
[2026-08-26 13:21:37,882][evaluation.evaluator][INFO] - skip complete run=/fssmall/home/h61084/codes/tsfm/outputs_selena/univariate/traffic/336_48/chronos2/none/instance/keep/enabled/run_0
2026-08-26 13:21:38 | configuration dataset=traffic L=504 H=168 model=persistence covariates=none instance_norm=true remove_constant=false time_features=true seed=1 batch_size=512
[2026-08-26 13:21:41,089][data.dataset][INFO] - dataset config path=/fssmall/home/h61084/codes/datasets/traffic/config.json applied_keys=['date_col', 'drop_users']
[2026-08-26 13:21:41,314][evaluation.evaluator][INFO] - skip complete run=/fssmall/home/h61084/codes/tsfm/outputs_selena/univariate/traffic/504_168/persistence/none/instance/keep/enabled/run_0
2026-08-26 13:21:41 | configuration dataset=traffic L=504 H=168 model=expected covariates=none instance_norm=true remove_constant=false time_features=true seed=1 batch_size=512
[2026-08-26 13:21:44,530][data.dataset][INFO] - dataset config path=/fssmall/home/h61084/codes/datasets/traffic/config.json applied_keys=['date_col', 'drop_users']
[2026-08-26 13:21:44,755][evaluation.evaluator][INFO] - skip complete run=/fssmall/home/h61084/codes/tsfm/outputs_selena/univariate/traffic/504_168/expected/none/instance/keep/enabled/run_0
2026-08-26 13:21:45 | configuration dataset=traffic L=504 H=168 model=repeat covariates=none instance_norm=true remove_constant=false time_features=true seed=1 batch_size=512
[2026-08-26 13:21:47,962][data.dataset][INFO] - dataset config path=/fssmall/home/h61084/codes/datasets/traffic/config.json applied_keys=['date_col', 'drop_users']
[2026-08-26 13:21:48,187][evaluation.evaluator][INFO] - skip complete run=/fssmall/home/h61084/codes/tsfm/outputs_selena/univariate/traffic/504_168/repeat/none/instance/keep/enabled/run_0
2026-08-26 13:21:48 | configuration dataset=traffic L=504 H=168 model=lookback covariates=none instance_norm=true remove_constant=false time_features=true seed=1 batch_size=512
[2026-08-26 13:21:51,403][data.dataset][INFO] - dataset config path=/fssmall/home/h61084/codes/datasets/traffic/config.json applied_keys=['date_col', 'drop_users']
[2026-08-26 13:21:51,480][evaluation.evaluator][INFO] - lookback weekly period=168 observations
[2026-08-26 13:21:51,629][evaluation.evaluator][INFO] - skip complete run=/fssmall/home/h61084/codes/tsfm/outputs_selena/univariate/traffic/504_168/lookback/none/instance/keep/enabled/run_0
2026-08-26 13:21:52 | configuration dataset=traffic L=504 H=168 model=chronos2 covariates=none instance_norm=true remove_constant=false time_features=true seed=1 batch_size=64
[2026-08-26 13:21:54,880][data.dataset][INFO] - dataset config path=/fssmall/home/h61084/codes/datasets/traffic/config.json applied_keys=['date_col', 'drop_users']
[2026-08-26 13:21:55,106][evaluation.evaluator][INFO] - skip complete run=/fssmall/home/h61084/codes/tsfm/outputs_selena/univariate/traffic/504_168/chronos2/none/instance/keep/enabled/run_0
2026-08-26 13:21:55 | configuration dataset=solar L=168 H=24 model=persistence covariates=none instance_norm=true remove_constant=false time_features=true seed=1 batch_size=512
[2026-08-26 13:21:58,327][data.dataset][INFO] - dataset config path=/fssmall/home/h61084/codes/datasets/solar/config.json applied_keys=['aggr', 'date_col', 'drop_users']
[2026-08-26 13:21:58,705][evaluation.evaluator][INFO] - skip complete run=/fssmall/home/h61084/codes/tsfm/outputs_selena/univariate/solar/168_24/persistence/none/instance/keep/enabled/run_0
2026-08-26 13:21:59 | configuration dataset=solar L=168 H=24 model=expected covariates=none instance_norm=true remove_constant=false time_features=true seed=1 batch_size=512
[2026-08-26 13:22:01,898][data.dataset][INFO] - dataset config path=/fssmall/home/h61084/codes/datasets/solar/config.json applied_keys=['aggr', 'date_col', 'drop_users']
[2026-08-26 13:22:02,238][evaluation.evaluator][INFO] - skip complete run=/fssmall/home/h61084/codes/tsfm/outputs_selena/univariate/solar/168_24/expected/none/instance/keep/enabled/run_0
2026-08-26 13:22:02 | configuration dataset=solar L=168 H=24 model=repeat covariates=none instance_norm=true remove_constant=false time_features=true seed=1 batch_size=512
[2026-08-26 13:22:05,443][data.dataset][INFO] - dataset config path=/fssmall/home/h61084/codes/datasets/solar/config.json applied_keys=['aggr', 'date_col', 'drop_users']
[2026-08-26 13:22:05,780][evaluation.evaluator][INFO] - skip complete run=/fssmall/home/h61084/codes/tsfm/outputs_selena/univariate/solar/168_24/repeat/none/instance/keep/enabled/run_0
2026-08-26 13:22:06 | configuration dataset=solar L=168 H=24 model=lookback covariates=none instance_norm=true remove_constant=false time_features=true seed=1 batch_size=512
[2026-08-26 13:22:09,020][data.dataset][INFO] - dataset config path=/fssmall/home/h61084/codes/datasets/solar/config.json applied_keys=['aggr', 'date_col', 'drop_users']
[2026-08-26 13:22:09,348][evaluation.evaluator][INFO] - lookback weekly period=168 observations
[2026-08-26 13:22:09,360][evaluation.evaluator][INFO] - skip complete run=/fssmall/home/h61084/codes/tsfm/outputs_selena/univariate/solar/168_24/lookback/none/instance/keep/enabled/run_0
2026-08-26 13:22:09 | configuration dataset=solar L=168 H=24 model=chronos2 covariates=none instance_norm=true remove_constant=false time_features=true seed=1 batch_size=64
[2026-08-26 13:22:12,604][data.dataset][INFO] - dataset config path=/fssmall/home/h61084/codes/datasets/solar/config.json applied_keys=['aggr', 'date_col', 'drop_users']
[2026-08-26 13:22:12,938][evaluation.evaluator][INFO] - skip complete run=/fssmall/home/h61084/codes/tsfm/outputs_selena/univariate/solar/168_24/chronos2/none/instance/keep/enabled/run_0
2026-08-26 13:22:13 | configuration dataset=solar L=336 H=48 model=persistence covariates=none instance_norm=true remove_constant=false time_features=true seed=1 batch_size=512
[2026-08-26 13:22:16,150][data.dataset][INFO] - dataset config path=/fssmall/home/h61084/codes/datasets/solar/config.json applied_keys=['aggr', 'date_col', 'drop_users']
[2026-08-26 13:22:16,495][evaluation.evaluator][INFO] - skip complete run=/fssmall/home/h61084/codes/tsfm/outputs_selena/univariate/solar/336_48/persistence/none/instance/keep/enabled/run_0
2026-08-26 13:22:17 | configuration dataset=solar L=336 H=48 model=expected covariates=none instance_norm=true remove_constant=false time_features=true seed=1 batch_size=512
[2026-08-26 13:22:19,705][data.dataset][INFO] - dataset config path=/fssmall/home/h61084/codes/datasets/solar/config.json applied_keys=['aggr', 'date_col', 'drop_users']
[2026-08-26 13:22:20,046][evaluation.evaluator][INFO] - skip complete run=/fssmall/home/h61084/codes/tsfm/outputs_selena/univariate/solar/336_48/expected/none/instance/keep/enabled/run_0
2026-08-26 13:22:20 | configuration dataset=solar L=336 H=48 model=repeat covariates=none instance_norm=true remove_constant=false time_features=true seed=1 batch_size=512
[2026-08-26 13:22:23,276][data.dataset][INFO] - dataset config path=/fssmall/home/h61084/codes/datasets/solar/config.json applied_keys=['aggr', 'date_col', 'drop_users']
[2026-08-26 13:22:23,621][evaluation.evaluator][INFO] - skip complete run=/fssmall/home/h61084/codes/tsfm/outputs_selena/univariate/solar/336_48/repeat/none/instance/keep/enabled/run_0
2026-08-26 13:22:24 | configuration dataset=solar L=336 H=48 model=lookback covariates=none instance_norm=true remove_constant=false time_features=true seed=1 batch_size=512
[2026-08-26 13:22:26,831][data.dataset][INFO] - dataset config path=/fssmall/home/h61084/codes/datasets/solar/config.json applied_keys=['aggr', 'date_col', 'drop_users']
[2026-08-26 13:22:27,166][evaluation.evaluator][INFO] - lookback weekly period=168 observations
[2026-08-26 13:22:27,181][evaluation.evaluator][INFO] - skip complete run=/fssmall/home/h61084/codes/tsfm/outputs_selena/univariate/solar/336_48/lookback/none/instance/keep/enabled/run_0
2026-08-26 13:22:27 | configuration dataset=solar L=336 H=48 model=chronos2 covariates=none instance_norm=true remove_constant=false time_features=true seed=1 batch_size=64
[2026-08-26 13:22:30,392][data.dataset][INFO] - dataset config path=/fssmall/home/h61084/codes/datasets/solar/config.json applied_keys=['aggr', 'date_col', 'drop_users']
[2026-08-26 13:22:30,733][evaluation.evaluator][INFO] - skip complete run=/fssmall/home/h61084/codes/tsfm/outputs_selena/univariate/solar/336_48/chronos2/none/instance/keep/enabled/run_0
2026-08-26 13:22:31 | configuration dataset=solar L=504 H=168 model=persistence covariates=none instance_norm=true remove_constant=false time_features=true seed=1 batch_size=512
[2026-08-26 13:22:33,948][data.dataset][INFO] - dataset config path=/fssmall/home/h61084/codes/datasets/solar/config.json applied_keys=['aggr', 'date_col', 'drop_users']
[2026-08-26 13:22:34,291][evaluation.evaluator][INFO] - skip complete run=/fssmall/home/h61084/codes/tsfm/outputs_selena/univariate/solar/504_168/persistence/none/instance/keep/enabled/run_0
2026-08-26 13:22:34 | configuration dataset=solar L=504 H=168 model=expected covariates=none instance_norm=true remove_constant=false time_features=true seed=1 batch_size=512
[2026-08-26 13:22:37,492][data.dataset][INFO] - dataset config path=/fssmall/home/h61084/codes/datasets/solar/config.json applied_keys=['aggr', 'date_col', 'drop_users']
[2026-08-26 13:22:37,834][evaluation.evaluator][INFO] - skip complete run=/fssmall/home/h61084/codes/tsfm/outputs_selena/univariate/solar/504_168/expected/none/instance/keep/enabled/run_0
2026-08-26 13:22:38 | configuration dataset=solar L=504 H=168 model=repeat covariates=none instance_norm=true remove_constant=false time_features=true seed=1 batch_size=512
[2026-08-26 13:22:41,038][data.dataset][INFO] - dataset config path=/fssmall/home/h61084/codes/datasets/solar/config.json applied_keys=['aggr', 'date_col', 'drop_users']
[2026-08-26 13:22:41,386][evaluation.evaluator][INFO] - skip complete run=/fssmall/home/h61084/codes/tsfm/outputs_selena/univariate/solar/504_168/repeat/none/instance/keep/enabled/run_0
2026-08-26 13:22:42 | configuration dataset=solar L=504 H=168 model=lookback covariates=none instance_norm=true remove_constant=false time_features=true seed=1 batch_size=512
[2026-08-26 13:22:44,604][data.dataset][INFO] - dataset config path=/fssmall/home/h61084/codes/datasets/solar/config.json applied_keys=['aggr', 'date_col', 'drop_users']
[2026-08-26 13:22:44,933][evaluation.evaluator][INFO] - lookback weekly period=168 observations
[2026-08-26 13:22:44,951][evaluation.evaluator][INFO] - skip complete run=/fssmall/home/h61084/codes/tsfm/outputs_selena/univariate/solar/504_168/lookback/none/instance/keep/enabled/run_0
2026-08-26 13:22:45 | configuration dataset=solar L=504 H=168 model=chronos2 covariates=none instance_norm=true remove_constant=false time_features=true seed=1 batch_size=64
[2026-08-26 13:22:48,158][data.dataset][INFO] - dataset config path=/fssmall/home/h61084/codes/datasets/solar/config.json applied_keys=['aggr', 'date_col', 'drop_users']
[2026-08-26 13:22:48,502][evaluation.evaluator][INFO] - skip complete run=/fssmall/home/h61084/codes/tsfm/outputs_selena/univariate/solar/504_168/chronos2/none/instance/keep/enabled/run_0
2026-08-26 13:22:49 | configuration dataset=exchange_rate L=168 H=24 model=persistence covariates=none instance_norm=true remove_constant=false time_features=true seed=1 batch_size=512
[2026-08-26 13:22:51,713][data.dataset][INFO] - dataset config path=/fssmall/home/h61084/codes/datasets/exchange_rate/config.json applied_keys=['date_col', 'drop_users']
[2026-08-26 13:22:51,733][evaluation.evaluator][INFO] - skip complete run=/fssmall/home/h61084/codes/tsfm/outputs_selena/univariate/exchange_rate/168_24/persistence/none/instance/keep/enabled/run_0
2026-08-26 13:22:52 | configuration dataset=exchange_rate L=168 H=24 model=expected covariates=none instance_norm=true remove_constant=false time_features=true seed=1 batch_size=512
[2026-08-26 13:22:54,937][data.dataset][INFO] - dataset config path=/fssmall/home/h61084/codes/datasets/exchange_rate/config.json applied_keys=['date_col', 'drop_users']
[2026-08-26 13:22:54,955][evaluation.evaluator][INFO] - skip complete run=/fssmall/home/h61084/codes/tsfm/outputs_selena/univariate/exchange_rate/168_24/expected/none/instance/keep/enabled/run_0
2026-08-26 13:22:55 | configuration dataset=exchange_rate L=168 H=24 model=repeat covariates=none instance_norm=true remove_constant=false time_features=true seed=1 batch_size=512
[2026-08-26 13:22:58,166][data.dataset][INFO] - dataset config path=/fssmall/home/h61084/codes/datasets/exchange_rate/config.json applied_keys=['date_col', 'drop_users']
[2026-08-26 13:22:58,184][evaluation.evaluator][INFO] - skip complete run=/fssmall/home/h61084/codes/tsfm/outputs_selena/univariate/exchange_rate/168_24/repeat/none/instance/keep/enabled/run_0
2026-08-26 13:22:58 | configuration dataset=exchange_rate L=168 H=24 model=lookback covariates=none instance_norm=true remove_constant=false time_features=true seed=1 batch_size=512
[2026-08-26 13:23:01,423][data.dataset][INFO] - dataset config path=/fssmall/home/h61084/codes/datasets/exchange_rate/config.json applied_keys=['date_col', 'drop_users']
[2026-08-26 13:23:01,435][evaluation.evaluator][INFO] - lookback weekly period=7 observations
[2026-08-26 13:23:01,442][evaluation.evaluator][INFO] - skip complete run=/fssmall/home/h61084/codes/tsfm/outputs_selena/univariate/exchange_rate/168_24/lookback/none/instance/keep/enabled/run_0
2026-08-26 13:23:02 | configuration dataset=exchange_rate L=168 H=24 model=chronos2 covariates=none instance_norm=true remove_constant=false time_features=true seed=1 batch_size=64
[2026-08-26 13:23:04,645][data.dataset][INFO] - dataset config path=/fssmall/home/h61084/codes/datasets/exchange_rate/config.json applied_keys=['date_col', 'drop_users']
[2026-08-26 13:23:04,662][evaluation.evaluator][INFO] - skip complete run=/fssmall/home/h61084/codes/tsfm/outputs_selena/univariate/exchange_rate/168_24/chronos2/none/instance/keep/enabled/run_0
2026-08-26 13:23:05 | configuration dataset=exchange_rate L=336 H=48 model=persistence covariates=none instance_norm=true remove_constant=false time_features=true seed=1 batch_size=512
[2026-08-26 13:23:07,889][data.dataset][INFO] - dataset config path=/fssmall/home/h61084/codes/datasets/exchange_rate/config.json applied_keys=['date_col', 'drop_users']
[2026-08-26 13:23:07,907][evaluation.evaluator][INFO] - skip complete run=/fssmall/home/h61084/codes/tsfm/outputs_selena/univariate/exchange_rate/336_48/persistence/none/instance/keep/enabled/run_0
2026-08-26 13:23:08 | configuration dataset=exchange_rate L=336 H=48 model=expected covariates=none instance_norm=true remove_constant=false time_features=true seed=1 batch_size=512
[2026-08-26 13:23:11,130][data.dataset][INFO] - dataset config path=/fssmall/home/h61084/codes/datasets/exchange_rate/config.json applied_keys=['date_col', 'drop_users']
[2026-08-26 13:23:11,148][evaluation.evaluator][INFO] - skip complete run=/fssmall/home/h61084/codes/tsfm/outputs_selena/univariate/exchange_rate/336_48/expected/none/instance/keep/enabled/run_0
2026-08-26 13:23:11 | configuration dataset=exchange_rate L=336 H=48 model=repeat covariates=none instance_norm=true remove_constant=false time_features=true seed=1 batch_size=512
[2026-08-26 13:23:14,343][data.dataset][INFO] - dataset config path=/fssmall/home/h61084/codes/datasets/exchange_rate/config.json applied_keys=['date_col', 'drop_users']
[2026-08-26 13:23:14,361][evaluation.evaluator][INFO] - skip complete run=/fssmall/home/h61084/codes/tsfm/outputs_selena/univariate/exchange_rate/336_48/repeat/none/instance/keep/enabled/run_0
2026-08-26 13:23:14 | configuration dataset=exchange_rate L=336 H=48 model=lookback covariates=none instance_norm=true remove_constant=false time_features=true seed=1 batch_size=512
[2026-08-26 13:23:17,565][data.dataset][INFO] - dataset config path=/fssmall/home/h61084/codes/datasets/exchange_rate/config.json applied_keys=['date_col', 'drop_users']
[2026-08-26 13:23:17,577][evaluation.evaluator][INFO] - lookback weekly period=7 observations
[2026-08-26 13:23:17,584][evaluation.evaluator][INFO] - skip complete run=/fssmall/home/h61084/codes/tsfm/outputs_selena/univariate/exchange_rate/336_48/lookback/none/instance/keep/enabled/run_0
2026-08-26 13:23:18 | configuration dataset=exchange_rate L=336 H=48 model=chronos2 covariates=none instance_norm=true remove_constant=false time_features=true seed=1 batch_size=64
[2026-08-26 13:23:20,798][data.dataset][INFO] - dataset config path=/fssmall/home/h61084/codes/datasets/exchange_rate/config.json applied_keys=['date_col', 'drop_users']
[2026-08-26 13:23:20,815][evaluation.evaluator][INFO] - skip complete run=/fssmall/home/h61084/codes/tsfm/outputs_selena/univariate/exchange_rate/336_48/chronos2/none/instance/keep/enabled/run_0
2026-08-26 13:23:21 | configuration dataset=exchange_rate L=504 H=168 model=persistence covariates=none instance_norm=true remove_constant=false time_features=true seed=1 batch_size=512
[2026-08-26 13:23:24,024][data.dataset][INFO] - dataset config path=/fssmall/home/h61084/codes/datasets/exchange_rate/config.json applied_keys=['date_col', 'drop_users']
[2026-08-26 13:23:24,042][evaluation.evaluator][INFO] - skip complete run=/fssmall/home/h61084/codes/tsfm/outputs_selena/univariate/exchange_rate/504_168/persistence/none/instance/keep/enabled/run_0
2026-08-26 13:23:24 | configuration dataset=exchange_rate L=504 H=168 model=expected covariates=none instance_norm=true remove_constant=false time_features=true seed=1 batch_size=512
[2026-08-26 13:23:27,258][data.dataset][INFO] - dataset config path=/fssmall/home/h61084/codes/datasets/exchange_rate/config.json applied_keys=['date_col', 'drop_users']
[2026-08-26 13:23:27,277][evaluation.evaluator][INFO] - skip complete run=/fssmall/home/h61084/codes/tsfm/outputs_selena/univariate/exchange_rate/504_168/expected/none/instance/keep/enabled/run_0
2026-08-26 13:23:27 | configuration dataset=exchange_rate L=504 H=168 model=repeat covariates=none instance_norm=true remove_constant=false time_features=true seed=1 batch_size=512
[2026-08-26 13:23:30,485][data.dataset][INFO] - dataset config path=/fssmall/home/h61084/codes/datasets/exchange_rate/config.json applied_keys=['date_col', 'drop_users']
[2026-08-26 13:23:30,503][evaluation.evaluator][INFO] - skip complete run=/fssmall/home/h61084/codes/tsfm/outputs_selena/univariate/exchange_rate/504_168/repeat/none/instance/keep/enabled/run_0
2026-08-26 13:23:31 | configuration dataset=exchange_rate L=504 H=168 model=lookback covariates=none instance_norm=true remove_constant=false time_features=true seed=1 batch_size=512
[2026-08-26 13:23:33,753][data.dataset][INFO] - dataset config path=/fssmall/home/h61084/codes/datasets/exchange_rate/config.json applied_keys=['date_col', 'drop_users']
[2026-08-26 13:23:33,765][evaluation.evaluator][INFO] - lookback weekly period=7 observations
[2026-08-26 13:23:33,772][evaluation.evaluator][INFO] - skip complete run=/fssmall/home/h61084/codes/tsfm/outputs_selena/univariate/exchange_rate/504_168/lookback/none/instance/keep/enabled/run_0
2026-08-26 13:23:34 | configuration dataset=exchange_rate L=504 H=168 model=chronos2 covariates=none instance_norm=true remove_constant=false time_features=true seed=1 batch_size=64
[2026-08-26 13:23:36,993][data.dataset][INFO] - dataset config path=/fssmall/home/h61084/codes/datasets/exchange_rate/config.json applied_keys=['date_col', 'drop_users']
[2026-08-26 13:23:37,011][evaluation.evaluator][INFO] - skip complete run=/fssmall/home/h61084/codes/tsfm/outputs_selena/univariate/exchange_rate/504_168/chronos2/none/instance/keep/enabled/run_0
2026-08-26 13:23:37 | report family=univariate
/fssmall/home/h61084/codes/tsfm/outputs_selena/reports/univariate/full/results.csv
