2026-08-26 12:25:26 | resources data_root=auto weights_root=auto output_root=/fssmall/home/h61084/codes/tsfm/outputs_selena/univariate
2026-08-26 12:25:26 | profile mode=test datasets=electricity settings=504:168 seeds=1
2026-08-26 12:25:26 | configuration dataset=electricity L=504 H=168 model=persistence covariates=none instance_norm=true remove_constant=false time_features=true seed=1 batch_size=512
[2026-08-26 12:25:35,417][data.dataset][INFO] - dataset config path=/fssmall/home/h61084/codes/datasets/electricity/config.json applied_keys=['date_col', 'drop_users']
[2026-08-26 12:25:35,707][evaluation.evaluator][INFO] - evaluate dataset=electricity users=303 dates=26304 windows=15453 removed_constant=0 L=504 H=168 stride=512
[2026-08-26 12:25:36,713][evaluation.evaluator][INFO] - artifacts ready run=/fssmall/home/h61084/codes/tsfm/outputs_selena/univariate/electricity/504_168/persistence/none/instance/keep/enabled/run_0 mse=1.14073e+08 nmse=1.83764 inference_seconds=0.083
2026-08-26 12:25:37 | configuration dataset=electricity L=504 H=168 model=expected covariates=none instance_norm=true remove_constant=false time_features=true seed=1 batch_size=512
[2026-08-26 12:25:40,094][data.dataset][INFO] - dataset config path=/fssmall/home/h61084/codes/datasets/electricity/config.json applied_keys=['date_col', 'drop_users']
[2026-08-26 12:25:40,253][evaluation.evaluator][INFO] - evaluate dataset=electricity users=303 dates=26304 windows=15453 removed_constant=0 L=504 H=168 stride=512
[2026-08-26 12:25:41,049][evaluation.evaluator][INFO] - artifacts ready run=/fssmall/home/h61084/codes/tsfm/outputs_selena/univariate/electricity/504_168/expected/none/instance/keep/enabled/run_0 mse=6.03321e+07 nmse=1.13383 inference_seconds=0.024
2026-08-26 12:25:41 | configuration dataset=electricity L=504 H=168 model=repeat covariates=none instance_norm=true remove_constant=false time_features=true seed=1 batch_size=512
[2026-08-26 12:25:44,190][data.dataset][INFO] - dataset config path=/fssmall/home/h61084/codes/datasets/electricity/config.json applied_keys=['date_col', 'drop_users']
[2026-08-26 12:25:44,350][evaluation.evaluator][INFO] - evaluate dataset=electricity users=303 dates=26304 windows=15453 removed_constant=0 L=504 H=168 stride=512
[2026-08-26 12:25:45,137][evaluation.evaluator][INFO] - artifacts ready run=/fssmall/home/h61084/codes/tsfm/outputs_selena/univariate/electricity/504_168/repeat/none/instance/keep/enabled/run_0 mse=7.51146e+06 nmse=0.336372 inference_seconds=0.019
2026-08-26 12:25:45 | configuration dataset=electricity L=504 H=168 model=lookback covariates=none instance_norm=true remove_constant=false time_features=true seed=1 batch_size=512
[2026-08-26 12:25:48,271][data.dataset][INFO] - dataset config path=/fssmall/home/h61084/codes/datasets/electricity/config.json applied_keys=['date_col', 'drop_users']
[2026-08-26 12:25:48,343][evaluation.evaluator][INFO] - lookback weekly period=168 observations
[2026-08-26 12:25:48,434][evaluation.evaluator][INFO] - evaluate dataset=electricity users=303 dates=26304 windows=15453 removed_constant=0 L=504 H=168 stride=512
[2026-08-26 12:25:49,221][evaluation.evaluator][INFO] - artifacts ready run=/fssmall/home/h61084/codes/tsfm/outputs_selena/univariate/electricity/504_168/lookback/none/instance/keep/enabled/run_0 mse=7.51146e+06 nmse=0.336372 inference_seconds=0.019
2026-08-26 12:25:49 | configuration dataset=electricity L=504 H=168 model=chronos2 covariates=none instance_norm=true remove_constant=false time_features=true seed=1 batch_size=64
[2026-08-26 12:25:52,353][data.dataset][INFO] - dataset config path=/fssmall/home/h61084/codes/datasets/electricity/config.json applied_keys=['date_col', 'drop_users']
[2026-08-26 12:25:52,512][evaluation.evaluator][INFO] - evaluate dataset=electricity users=303 dates=26304 windows=15453 removed_constant=0 L=504 H=168 stride=512
[2026-08-26 12:26:18,453][evaluation.evaluator][INFO] - artifacts ready run=/fssmall/home/h61084/codes/tsfm/outputs_selena/univariate/electricity/504_168/chronos2/none/instance/keep/enabled/run_0 mse=6.37655e+06 nmse=0.249031 inference_seconds=7.091
2026-08-26 12:26:19 | report family=univariate
/fssmall/home/h61084/codes/tsfm/outputs_selena/reports/univariate/test/results.csv
