2026-08-27 00:25:01 | resources data_root=auto weights_root=auto output_root=/fssmall/home/h61084/codes/tsfm/outputs_selena/univariate
2026-08-27 00:25:08 | profile mode=test datasets=electricity settings=504:168 tasks=1 seeds=1
2026-08-27 00:25:08 | configuration dataset=electricity L=504 H=168 model=persistence covariates=none instance_norm=true remove_constant=false time_features=true seed=1 batch_size=512
[2026-08-27 00:25:11,776][data.dataset][INFO] - dataset config path=/fssmall/home/h61084/codes/datasets/electricity/config.json applied_keys=['date_col', 'drop_users']
[2026-08-27 00:25:12,053][evaluation.evaluator][INFO] - skip complete run=/fssmall/home/h61084/codes/tsfm/outputs_selena/univariate/electricity/504_168/persistence/none/instance/keep/enabled/run_0
2026-08-27 00:25:12 | configuration dataset=electricity L=504 H=168 model=expected covariates=none instance_norm=true remove_constant=false time_features=true seed=1 batch_size=512
[2026-08-27 00:25:15,498][data.dataset][INFO] - dataset config path=/fssmall/home/h61084/codes/datasets/electricity/config.json applied_keys=['date_col', 'drop_users']
[2026-08-27 00:25:15,654][evaluation.evaluator][INFO] - skip complete run=/fssmall/home/h61084/codes/tsfm/outputs_selena/univariate/electricity/504_168/expected/none/instance/keep/enabled/run_0
2026-08-27 00:25:16 | configuration dataset=electricity L=504 H=168 model=repeat covariates=none instance_norm=true remove_constant=false time_features=true seed=1 batch_size=512
[2026-08-27 00:25:18,893][data.dataset][INFO] - dataset config path=/fssmall/home/h61084/codes/datasets/electricity/config.json applied_keys=['date_col', 'drop_users']
[2026-08-27 00:25:19,047][evaluation.evaluator][INFO] - skip complete run=/fssmall/home/h61084/codes/tsfm/outputs_selena/univariate/electricity/504_168/repeat/none/instance/keep/enabled/run_0
2026-08-27 00:25:19 | configuration dataset=electricity L=504 H=168 model=lookback covariates=none instance_norm=true remove_constant=false time_features=true seed=1 batch_size=512
[2026-08-27 00:25:22,317][data.dataset][INFO] - dataset config path=/fssmall/home/h61084/codes/datasets/electricity/config.json applied_keys=['date_col', 'drop_users']
[2026-08-27 00:25:22,391][evaluation.evaluator][INFO] - lookback weekly period=168 observations
[2026-08-27 00:25:22,477][evaluation.evaluator][INFO] - skip complete run=/fssmall/home/h61084/codes/tsfm/outputs_selena/univariate/electricity/504_168/lookback/none/instance/keep/enabled/run_0
2026-08-27 00:25:23 | configuration dataset=electricity L=504 H=168 model=chronos2 covariates=none instance_norm=true remove_constant=false time_features=true seed=1 batch_size=64
[2026-08-27 00:25:25,736][data.dataset][INFO] - dataset config path=/fssmall/home/h61084/codes/datasets/electricity/config.json applied_keys=['date_col', 'drop_users']
[2026-08-27 00:25:25,891][evaluation.evaluator][INFO] - skip complete run=/fssmall/home/h61084/codes/tsfm/outputs_selena/univariate/electricity/504_168/chronos2/none/instance/keep/enabled/run_0
2026-08-27 00:25:26 | report family=univariate
/fssmall/home/h61084/codes/tsfm/outputs_selena/reports/univariate/test/results.csv
